               Работает Pascal - компилятор 
                   Листинг программы
   1  program example(a,c,v); 
   2  type 
   3    mass=array[char,1..2] of arrray[1..3] of integer; 
**01**                           ^ ошибка код  104 
****** имя не описано
**02**                                 ^ ошибка код    6 
****** запрещенный символ
   4    a=real; 
   5    a=^char; 
**03**  ^ ошибка код  101 
****** имя описано повторно
**04**    ^ ошибка код    6 
****** запрещенный символ
   6    boo=yt;  
**05**      ^ ошибка код  104 
****** имя не описано
   7    t=(erv,erg,rthrt,rtj); 
   8    massiv=array[1..200,1..23] of ^integer; 
   9    12s=as; 
**06**  ^ ошибка код    6 
****** запрещенный символ
  10  var 
  11    i:integer; 
  12    limt:false..true; 
  13    limm:true..false; 
**07**             ^ ошибка код  102 
****** нижняя граница превосходит верхнюю
  14    mas:array[] of int; 
**08**            ^ ошибка код    1 
****** Такого сообщения нет в файле данных !
**09**                 ^ ошибка код  104 
****** имя не описано
  15    mas:array['a'..'s',integer] of mass; 
**10**  ^ ошибка код  101 
****** имя описано повторно
  16    mas:array[array[1..10] of int,s..sd,integer] of mass; 
**11**  ^ ошибка код  101 
****** имя описано повторно
**12**            ^ ошибка код    1 
****** Такого сообщения нет в файле данных !
**13**                               ^ ошибка код    6 
****** запрещенный символ
  17    ma:^massiv; 
  18    integer:integer; 
**14**          ^ ошибка код  333 
****** Неправильный способ использования идентификатора
  19    a:real; 
**15**  ^ ошибка код  101 
****** имя описано повторно
  20    kl:34..1; 
**16**         ^ ошибка код  102 
****** нижняя граница превосходит верхнюю
  21    iopi:'p'..1; 
**17**            ^ ошибка код   83 
****** Должна идти символьная константа
**18**            ^ ошибка код    6 
****** запрещенный символ
  22    asdasfsdf:integer; 
**19**            ^ ошибка код  333 
****** Неправильный способ использования идентификатора
  23    m:massiv; 
  24    e:^mas; 
**20**     ^ ошибка код  103 
****** Имя не принадлежит соответствующему классу
  25    c:(asf,dafgr,ewrtg,integer,g54,e4tg); 
**21**                     ^ ошибка код  101 
****** имя описано повторно
  26    procedure ab(var z:char;c,gf:1..4;  
**22**                               ^ ошибка код    2 
****** должно идти имя
**23**                               ^ ошибка код    6 
****** запрещенный символ
  27                  procedure f,s,y;function z,d,r:integer) 
**24**                                               ^ ошибка код  333 
****** Неправильный способ использования идентификатора
  28    var 
**25**  ^ ошибка код   14 
****** должен идти символ  ';'
  29      a:real; 
  30      mas:array[1..3] of byte; 
**26**                       ^ ошибка код  104 
****** имя не описано
  31      procedure z(asdf:int;asdf:real); 
**27**              ^ ошибка код  101 
****** имя описано повторно
  32      begin 
  33        a;=b+c; 
**28**       ^ ошибка код   51 
****** должен идти символ  ':='
**29**       ^ ошибка код  320 
****** Такого сообщения нет в файле данных !
**30**       ^ ошибка код  328 
****** Несоответствие типов
**31**        ^ ошибка код  322 
****** Странный оператор
**32**         ^ ошибка код  104 
****** имя не описано
**33**          ^ ошибка код    6 
****** запрещенный символ
**34**            ^ ошибка код   51 
****** должен идти символ  ':='
**35**            ^ ошибка код  320 
****** Такого сообщения нет в файле данных !
  34      end; 
  35    begin 
  36      ;;; 
  37      gh 
**36**    ^ ошибка код  104 
****** имя не описано
  38      f:=a+b*c/123; 
**37**    ^ ошибка код    6 
****** запрещенный символ
**38**         ^ ошибка код  104 
****** имя не описано
**39**           ^ ошибка код  333 
****** Неправильный способ использования идентификатора
  39    end; 
  40    procedure ret(a,b:integer;var c:integer;var b:boolean); 
**40**                    ^ ошибка код  333 
****** Неправильный способ использования идентификатора
**41**                                  ^ ошибка код  333 
****** Неправильный способ использования идентификатора
  41    begin 
**42**  ^ ошибка код  101 
****** имя описано повторно
  42    end; 
  43  begin 
  44    ret(i,23-i,i,limt); 
  45    ret(i,12-2); 
**43**            ^ ошибка код  326 
****** Слишком мало параметров
  46    m[2,2]^:=5; 
  47    m[2,3]:=23; 
**44**            ^ ошибка код  328 
****** Несоответствие типов
  48    m[2]:=5; 
**45**     ^ ошибка код  330 
****** Слишком мало индексов
**46**         ^ ошибка код  328 
****** Несоответствие типов
  49    m[2,2,2]:=5; 
**47**         ^ ошибка код  329 
****** Слишком много индексов
**48**             ^ ошибка код  328 
****** Несоответствие типов
  50    m['z',2]:=5; 
**49**             ^ ошибка код  328 
****** Несоответствие типов
  51    m[]:=5; 
**50**    ^ ошибка код  320 
****** Такого сообщения нет в файле данных !
**51**    ^ ошибка код  330 
****** Слишком мало индексов
**52**        ^ ошибка код  328 
****** Несоответствие типов
  52    ma[1,1]:=1; 
**53**    ^ ошибка код  332 
****** Переменная не является массивом
  53    m(1,12); 
**54**   ^ ошибка код    6 
****** запрещенный символ
**55**         ^ ошибка код   51 
****** должен идти символ  ':='
**56**         ^ ошибка код  320 
****** Такого сообщения нет в файле данных !
**57**         ^ ошибка код  328 
****** Несоответствие типов
  54    ;;;;;;fd 
**58**        ^ ошибка код  104 
****** имя не описано
  55    sdfg 
**59**  ^ ошибка код    6 
****** запрещенный символ
  56    A:=(3*3-x*4/4)-3*(1+1)*(asd^[5,, gg*ddd[y^, gg=hh*ooo]])-(1); 
**60**          ^ ошибка код  104 
****** имя не описано
**61**                          ^ ошибка код  104 
****** имя не описано
**62**                                 ^ ошибка код  320 
****** Такого сообщения нет в файле данных !
**63**                                 ^ ошибка код  329 
****** Слишком много индексов
**64**                                   ^ ошибка код  104 
****** имя не описано
**65**                                      ^ ошибка код  104 
****** имя не описано
**66**                                          ^ ошибка код  104 
****** имя не описано
**67**                                                 ^ ошибка код  104 
****** имя не описано
**68**                                                    ^ ошибка код  104 
****** имя не описано
**69**                                                       ^ ошибка код  329 
****** Слишком много индексов
  57    dfg+asdf; 
**70**  ^ ошибка код  104 
****** имя не описано
**71**     ^ ошибка код    6 
****** запрещенный символ
**72**          ^ ошибка код   51 
****** должен идти символ  ':='
**73**          ^ ошибка код  320 
****** Такого сообщения нет в файле данных !
  58    begin 
  59  end.

Кoмпиляция окончена: ошибок -  73 !
